[07-May-2026 12:22:06 UTC] PHP Fatal error:  Uncaught ArgumentCountError: The number of elements in the type definition string must match the number of bind variables in C:\wamp64\www\digital-art-school\pages\register.php:106
Stack trace:
#0 C:\wamp64\www\digital-art-school\pages\register.php(106): mysqli_stmt->bind_param('sssississdsssss...', 'Harsha', 'harikrishnanr.c...', '$2y$12$b.bDT89R...', 24, 'Murukkumpuzha, ...', 'Vocal Music', 'Kathakali Sange...', 'none', 'complete_beginn...', 0.0, 'none', '', 'hobby', '4', 'weekend_evening', 'none', 'none', 'none')
#1 {main}
  thrown in C:\wamp64\www\digital-art-school\pages\register.php on line 106
[07-May-2026 12:25:18 UTC] Moodle sync failed for student 1: Failed to create user in Moodle
[13-May-2026 14:42:48 UTC] PHP Fatal error:  Uncaught ArgumentCountError: The number of elements in the type definition string must match the number of bind variables in C:\wamp64\www\digital-art-school\pages\register.php:83
Stack trace:
#0 C:\wamp64\www\digital-art-school\pages\register.php(83): mysqli_stmt->bind_param('sssississdsssss...', 'Hari', 'sujarajanharisr...', '$2y$12$rtdNu5/L...', 22, 'Murukkumpuzha, ...', 'Vocal Music', 'Hindustani Voca...', '', 'complete_beginn...', 0.0, '', '', 'hobby', '5', 'weekday_all_day', '', '', '')
#1 {main}
  thrown in C:\wamp64\www\digital-art-school\pages\register.php on line 83
[15-May-2026 07:22:19 UTC] PHP Warning:  require_once(C:\wamp64\www\digital-art-school\pages/../includes/db.php): Failed to open stream: No such file or directory in C:\wamp64\www\digital-art-school\pages\student-dashboard.php on line 27
[15-May-2026 07:22:19 UTC] PHP Stack trace:
[15-May-2026 07:22:19 UTC] PHP   1. {main}() C:\wamp64\www\digital-art-school\pages\student-dashboard.php:0
[15-May-2026 07:22:19 UTC] PHP Fatal error:  Uncaught Error: Failed opening required 'C:\wamp64\www\digital-art-school\pages/../includes/db.php' (include_path='.;C:\php\pear') in C:\wamp64\www\digital-art-school\pages\student-dashboard.php:27
Stack trace:
#0 {main}
  thrown in C:\wamp64\www\digital-art-school\pages\student-dashboard.php on line 27
[15-May-2026 07:22:37 UTC] PHP Fatal error:  Uncaught Error: Undefined constant "SESSION_NAME" in C:\wamp64\www\digital-art-school\pages\student-dashboard.php:29
Stack trace:
#0 {main}
  thrown in C:\wamp64\www\digital-art-school\pages\student-dashboard.php on line 29
[18-May-2026 07:08:14 UTC] PHP Warning:  Undefined variable $teacherStatus in C:\wamp64\www\digital-art-school\pages\student-dashboard.php on line 150
[18-May-2026 07:08:14 UTC] PHP Stack trace:
[18-May-2026 07:08:14 UTC] PHP   1. {main}() C:\wamp64\www\digital-art-school\pages\student-dashboard.php:0
[18-May-2026 07:14:55 UTC] PHP Warning:  Undefined variable $teacherStatus in C:\wamp64\www\digital-art-school\pages\student-dashboard.php on line 150
[18-May-2026 07:14:55 UTC] PHP Stack trace:
[18-May-2026 07:14:55 UTC] PHP   1. {main}() C:\wamp64\www\digital-art-school\pages\student-dashboard.php:0
[18-May-2026 07:21:22 UTC] PHP Warning:  Undefined variable $teacherStatus in C:\wamp64\www\digital-art-school\pages\student-dashboard.php on line 150
[18-May-2026 07:21:22 UTC] PHP Stack trace:
[18-May-2026 07:21:22 UTC] PHP   1. {main}() C:\wamp64\www\digital-art-school\pages\student-dashboard.php:0
